# hmmsearch :: search profile(s) against a sequence database
# HMMER 3.1b1 (May 2013); http://hmmer.org/
# Copyright (C) 2013 Howard Hughes Medical Institute.
# Freely distributed under the GNU General Public License (GPLv3).
# - - - - - - - - - - - - - - - - - - - - - - - - - - - - - - - - - - - -
# query HMM file:                  test.hmm
# target sequence database:        Meredith169AA-Abrocoma_bennettii.stock
# output directed to file:         result_outclassic.res
# max ASCII text line length:      unlimited
# - - - - - - - - - - - - - - - - - - - - - - - - - - - - - - - - - - - -

Query:       Meredith169AA  [M=6705]
Scores for complete sequences (score includes all domains):
   --- full sequence ---   --- best 1 domain ---    -#dom-
    E-value  score  bias    E-value  score  bias    exp  N  Sequence           Description
    ------- ------ -----    ------- ------ -----   ---- --  --------           -----------
          0 12909.9  47.3          0 4943.5  15.5    3.0  3  Abrocoma_bennettii  


Domain annotation for each sequence (and alignments):
>> Abrocoma_bennettii  
   #    score  bias  c-Evalue  i-Evalue hmmfrom  hmm to    alifrom  ali to    envfrom  env to     acc
 ---   ------ ----- --------- --------- ------- -------    ------- -------    ------- -------    ----
   1 ! 3876.6   2.8         0         0       1    1789 [.       1    1788 [.       1    1795 [. 1.00
   2 ! 4102.0  13.3         0         0    2038    4546 ..    2037    4459 ..    2026    4465 .. 0.99
   3 ! 4943.5  15.5         0         0    4778    6705 .]    4691    6619 .]    4683    6619 .] 1.00

  Alignments for each domain:
  == domain 1  score: 3876.6 bits;  conditional E-value: 0
       Meredith169AA    1 cqfrsvmrmdymvyfsfftwiliplvvmcaiyldifyvirnklsqnfsssketgafygrefktakslflvlflfalswlplsiinciiyfpqvvlylgillshflilftifgnalvilavltsrslrapqnlflvslaaadilvatliipfslanellgywyfrrtwcevylaldvlfctssivhlcaisldrywavsraleynskrtprrikciiltvwliaavislppliykgdqgpqpgrpqcklnqeawyilassigsffapclimilvylriyliakrsggqwwrrraqltrekrftfvlavvigvfvlcwfpfffsyslgaicpqhckvphglfitslacadlvmglavvpfgashilmkmwtfgnfwcefwtsidvlcvtasietlcviavdryfaitspfkyqslltknkarvvilmvwivsgltsflpiqmhwyrathqeaincyaketccdfftnqayaiassivsfylplvvmvfvysrvfqvakrqlqkidksegrfhaqnlsqveqdgrsghrrsskfclkehkalktlgiimgtftlcwlpffivnivhviqdnlipkevyillnwpltipemtlpytttpqvkdfslwektgLKefLkTtKQsfDLsvkaqYkKNkdkhsipipLdvfyefinqninslnrhfekvrdkaldfltksYneakikfdkykvekSlnklprtfqipgYtiPvnievspftvemlafgyviPkeistpsftipgsgfsvpsytlvlpleLpvLhvprnllklsLpdfkvlstsnnIliPAmGNiTYdFSFKSsviTLntnaglYnqsDivahflssSssvidaLqykleGtssltrkRglKlAtalslsnkfvegnhdstiSltkknmeasvtttakvqipilrmnfkqelnGntkskptvsssielkYdfnspklystakGavdhklslesltsyfsiesstkgdikgsvlseysgtiaseastYlnskgtrssvklqgaskvdgiwnlevkenfageatlqriyaiwehntknhlqlfstsgehtskatlelspwkmsalvqvrasqpsslldiaylgqevslnantenqkvswksevqvhsgslqnnvqlsndqeearldiagsleghlsflkdivlpvydkslwdllkldvttsidrkqylhastalvytknpngylfsipvqeladkfipsytldfseikiykklstspfalnlptlpkvkfpkvdvltkYsepedssvpffeitvpesqltvsqftlpksisvgsavldlnevankiadfelptitvpeqtieipsikfsvpagifipitveeikkqieavgfpafikkqpkylklgaidverlkntpvkssegsqqrspsytndstatfiidgmhckscvsniesalstlqyvssivvslenrsaivkynaslvtpetlrkaieavspgqyrvsiasevestsnspsssslqkiplnipltqetvinidgmtcnscvqsiegviskkagvksirvslansngtveydplltspetlygggfqtgtsslhvydgkflarvervivvsmnyrvgalgflalpgnpeapgnmglfdqqlalqwvqkniaafggnpksvtlfgesagaasvslhllspkshplftrailqsgssnapwavmslsearnrtltlakflgcsreneteiikclrnkdpqeillnevfvvpydtllsvnfgptvdgdfltdmpdtllqlgqfkktqilvgvnkdegtaflvygapgfskdnnsiitrkefqeglkiffpgvsefgkesilfhytdwlddqrpenyrealddvvgdcm 1789
                          c+f  +m+m+ymv+fsfftwi+iplvvmcaiyl+if+virnklsqn+s+sketgafygref+takslflvlflfal+wlplsiinc++yfp+ +++lgillsh      i gnal ilavltsrslrapqnlflvslaaadilvatliipfslanellgywyfrrtwcevylaldvlfctssivhlc isldrywavsraleynskrtprrikciiltvwliaavislppl+ykgdqgpqpgrpqcklnqeawyilassigsffapclimilvylriyliakrsggqwwrrr+q+trekrftfvlavvigvfvlcwfpfffsyslgaicpqhckvphglfitslacadlvmglavvpfgashilmkmwtfgnfwcefwtsidvlcvtasietlcviavdryfaitspfkyqslltknkarvvilmvw+vs+ltsflpiqmhwyrathqeaincyaketccdfftnqayaiassivsfylplvvmvfvysrvfqvak+qlqkidksegrfh+qnlsqve+dgrsg+rrsskf+lkehkalktlgiimgtftlcwlpffivnivhviqdnlipkevyillnwpl ipem+lpytttp+vkdfs+we+tgLKefLkTtKQsfDL+vk+qYkKNkdkhsi++pL+v y+fi+qn+n l+++fe+vrd+aldflt+sYn+akik+dkyk+ekS+n+lprtf+ pgYtiPvn+evspf+ve+l+f+ viPk+++tp+f+ipgs+f+vpsytlvlpleLp+Lh+p+nllklsLpdfk+ls++nnI+iPAmGNiTYdFSFKSsviTLntnaglYnqsDivahflssSssvidaLqykleGts+ltrkRglKlAtalslsnkfveg+hdstiS+tkknmeasvtt a+v+ip+lrmnfkqel+Gn kskp vsssiel+Ydfnspkl  takGa+dhklslesltsyfsiesstk+dikg++ls+ysgt+aseastYlnsk+trssvklqg+skvdgiwn++vkenfagea l riya+weh++kn lq fst+geh skatlelsp  +sal+qvra++++s+ldi+++gqev+lnant+nqk+swks++qvh g+lqn+++lsndq+ear+diagsl ghl+flk i+lpvy+kslwdllkldvtts+ ++q+lhastalvytkn +gy++s+pvqel+dkfipsy+l+f+ ikiyk+lstspfalnlptlpk+kfp+vdv+t+Ys+peds +pffeitvpe+qlt+sqftlpks+s+gsavldln+va++  d+elptitvpeqt+e p+ikfs+p g++ipitveeikkqiea+gfpa++kkqpk+lklgaidverlk+tpv+s+egsqqrspsytnd t +fiidgmhckscvsnie+alstl+yvss++vslenrsaivky+a+l+tpe+lrkaieavspgqy+vsiase e+tsns sssslq iplniplt+etvinidgmtcnscvqsiegviskk+gvksi+vsl+nsngt+eydplltspetlygggfqtgtsslhvydgkflarvervivvsmnyr+galgflalpgnpeapgn+glfdqqlalqwvq+ni +fggnp+svtlfgesagaasv+lhlls+kshp+ftrailqsgs++apwavms++earnrtltlak++gcs++nete+ikcl+nkdpqeillnevfvv+ydtllsvnfgpt+dgdfltdmp+tll+lgqfk+tqilvgvnkdeg+aflvygapgfskdnnsiitr+efqeglk+ffpgvsefg+es+lfhy+dwlddqrpe+yrealddvvgd  
  Abrocoma_bennettii    1 CSFLPTMSMEYMVFFSFFTWIFIPLVVMCAIYLNIFHVIRNKLSQNLSASKETGAFYGREFRTAKSLFLVLFLFALCWLPLSIINCALYFPDDIMFLGILLSHXXXXXXILGNALGILAVLTSRSLRAPQNLFLVSLAAADILVATLIIPFSLANELLGYWYFRRTWCEVYLALDVLFCTSSIVHLCXISLDRYWAVSRALEYNSKRTPRRIKCIILTVWLIAAVISLPPLVYKGDQGPQPGRPQCKLNQEAWYILASSIGSFFAPCLIMILVYLRIYLIAKRSGGQWWRRRTQMTREKRFTFVLAVVIGVFVLCWFPFFFSYSLGAICPQHCKVPHGLFITSLACADLVMGLAVVPFGASHILMKMWTFGNFWCEFWTSIDVLCVTASIETLCVIAVDRYFAITSPFKYQSLLTKNKARVVILMVWVVSCLTSFLPIQMHWYRATHQEAINCYAKETCCDFFTNQAYAIASSIVSFYLPLVVMVFVYSRVFQVAKKQLQKIDKSEGRFHTQNLSQVEHDGRSGLRRSSKFYLKEHKALKTLGIIMGTFTLCWLPFFIVNIVHVIQDNLIPKEVYILLNWPLAIPEMNLPYTTTPSVKDFSIWEETGLKEFLKTTKQSFDLNVKIQYKKNKDKHSIAVPLGV-YKFISQNVNYLDSYFETVRDNALDFLTTSYNKAKIKLDKYKAEKSHNTLPRTFRNPGYTIPVNTEVSPFSVETLPFSPVIPKAMNTPNFSIPGSDFHVPSYTLVLPLELPELHIPSNLLKLSLPDFKELSAVNNIFIPAMGNITYDFSFKSSVITLNTNAGLYNQSDIVAHFLSSSSSVIDALQYKLEGTSRLTRKRGLKLATALSLSNKFVEGSHDSTISFTKKNMEASVTTAARVHIPVLRMNFKQELTGNPKSKPAVSSSIELNYDFNSPKLLPTAKGAIDHKLSLESLTSYFSIESSTKADIKGVILSDYSGTLASEASTYLNSKATRSSVKLQGSSKVDGIWNVDVKENFAGEAALLRIYAMWEHSMKNLLQPFSTHGEHVSKATLELSPGALSALIQVRAREINSVLDIPHFGQEVALNANTKNQKFSWKSDIQVHFGTLQNSLHLSNDQKEARFDIAGSLGGHLRFLKFIILPVYNKSLWDLLKLDVTTSSXKRQHLHASTALVYTKNTKGYPLSLPVQELTDKFIPSYKLNFNAIKIYKTLSTSPFALNLPTLPKIKFPQVDVFTQYSKPEDSLIPFFEITVPEVQLTISQFTLPKSFSIGSAVLDLNKVAHMXGDLELPTITVPEQTVELPPIKFSIPVGVLIPITVEEIKKQIEALGFPAYVKKQPKHLKLGAIDVERLKKTPVRSPEGSQQRSPSYTNDLTSIFIIDGMHCKSCVSNIENALSTLHYVSSVAVSLENRSAIVKYSANLATPEILRKAIEAVSPGQYTVSIASEGENTSNSLSSSSLQTIPLNIPLTHETVINIDGMTCNSCVQSIEGVISKKKGVKSIQVSLENSNGTIEYDPLLTSPETLYGGGFQTGTSSLHVYDGKFLARVERVIVVSMNYRLGALGFLALPGNPEAPGNLGLFDQQLALQWVQNNIVTFGGNPTSVTLFGESAGAASVGLHLLSSKSHPYFTRAILQSGSPSAPWAVMSPYEARNRTLTLAKLIGCSKDNETEMIKCLQNKDPQEILLNEVFVVSYDTLLSVNFGPTIDGDFLTDMPETLLRLGQFKRTQILVGVNKDEGSAFLVYGAPGFSKDNNSIITRREFQEGLKLFFPGVSEFGRESVLFHYADWLDDQRPEHYREALDDVVGDXX 1788
                          99**************************************************************************************************************************************************************************************************************************************************************************************************************************************************************************************************************************************************************************************************************************************************************************************************************************************************************97.***************************************************************************************************************************************************************************************************************************************************************************************************************************************************************************************************************************************************************************************************************************************************************************************************************************************************************************************************************************************************************************************************************************************************************************************************************************************************************************************************************************************************************************************************************************************************************************************975 PP

  == domain 2  score: 4102.0 bits;  conditional E-value: 0
       Meredith169AA 2038 qkvnewfsrsdeiltsddshdggsekidllasdphdaliceservhskpvesniedkifgktyrrkaslpnlshiteitqerpltnklkrkrrttsglhpedfikkvdlavvqktpekinegtdqngqvmnitnnghenetkgdyvqkeknanpteslekesafrtkaepisssisnmelelnihsskapkknrlrrksstrhihalelvvsrnpsppnhtelqidscssseekkknseqmpvrhsrklqlledkepagakksnkasdafpelkltniptncsssnklqefvnpslqretiqvsnstkdpkdlvlsgekglrsvestsislvpdtdygtqdsislleadtltapnqcvscaaienpkelihgcskdtrndtegfkdplrqevnhqetsiemeeseldtqylqntfkvskrqsfalfgsgfrtasnkeiklsehnikkskmlfkdieeqyslacveqssafvsdsenshttpqvlslnsnhnltpsqkaeitelstileesgsqfeftqfrkpshiiqlettseewkddlhltinapsisqvdsskkfegavgvkqkfacllknncnksasgyltdknevefrgfysalgklnvssealqkavklfsdieniseetsaevdprsfssskcndsvsvfkienynndknlneknnkcqlilqnniemttgifveentenykrntenednkcntcnlgesdgsdsskihkdendlpchnihlklssqfmkegntqikeglsdltclevvkaeetfhvntsnkeqltankmeqnkdfdifdlsfqtasgknirvskeslnkvvnlfdekceeelnnfsdslnsellsginknkmdissheetdknkilkesdpvgtenqlltlqqqpeceiekikeptllgfhtasgkkvkiakesldkvknlfdeseitnfshqgaktlkdreckeglelacetveittapkceemqnslekklvsnetavlprllsdlyrqtenlktsnsislkvkspttcytnqstysaiensalafytghgrkisvfstasgksvqvsdaslqkarqvfsfrgspfqekmtagdnpqlvpadqvnitefynkslssykeneeniqcgenfmdmecfmilnpsqqlaiavlsltlgtftvlenllvlcvilhsrslrcrpsYhfigslavadllgsvifvysfvdfhvfhrkdspnvflfklggvtasftasvgslfltaidrYisihrplaYkrivtrpkavvafclmwtiaiviavlpllgwnckklqsvcsdifplidetylmfwigvtsvlllfivyaymyilwkahshavrmiqrgtqksiiihtsedgkvqvtrpdqarmdirlaktlvlilvvliicwgpllaimvydvfgkmnkliktvfafceddsgddtfgdedngpgpeerggnsrlgsdedsadttqsredsasqgedsaqdttsesrdldnedevssrpeggdstqeseseehwvgggsegdsshgdgsefddegmqsddpdsirsersnsrmssasvkskeskgnseeqastqdsgesqsveypsrkffrksriseeddrgelddsntmeevksdstensksesqedsesqsqedsqnvqdlsslpsqesssesqeevvesrgdnpdnttshseedqedsdsseedslnkssssesesreeqadsesneslseespesteeensssqeglqsqsasesqseqdsqseeeddsdsssseedgqsknteiesrkltvdykpefynddswvefieldiddpdektegsdtdrllsndhqkslnilgakdddsgrtscyepdiletdfnasdvcdgtsevaqpqrlkgeadllcldqknqnnspsndapatqqpsvilaeenkprplliggtesthqaahtqlsnpsslanidfyaqvsditpagsvvlspgqknkagisqcdevvslcqanfimdnayfceadakkciavaphvevesvepsfnqediyittesltttagrsgtaerapssempvpdytsihivqspqglvlnatadkeflsscgyrvrslfqaqeetepgleeagemeqkqlqkrfggftgarksyvmsvvcknnkkvtfrctekdlvgdvpearYghsidvvysrgksmgvlfggrsYmpsaqrttekwnsvadclphvflvdfeFgcstsyilpelqdglsFhvsiarndtiYilgghslannirpanlyrirvdlplgspavnctvleellallqksirhevlegnvgylrvddipgqevvsklgeflvanvwkklmgtsalvldlrhctgghvsgipyvisylhpgntvlhvdtiydrpsnttteiwtlpqvlgerysadkdvvvltsgrtggvaediayilkqmrraivvgertvggaldlqklrigqsdffltvpvsrslgplgggsqtwegsgvlpcvgtpaeqalekalailtlrralpgvvqrlqealqdyytlvdrvpallhhlasmdfssvvseedlvtklnaglqavsedprllvravrpketssgppedeaarqalvdsvfqvsyk 4546
                            vnewfsrsde+ ts+d +d + ek+dl asdp++a++c++ r ++ + + ++edk+fgktyrrk sl nlsh + +tqe+plt+++krkrrt s+lhpedfikk+ la +qktpek ++g++q++qv++i nn+ enet+g  vq+ +n++p++slekes+  + +ep+sss ++mele+n++   ap+ nrlr++ss+r+++        + spp h elqid ++sseek+ +s q++vrh+rkl l +  ++        a +a+pe+kl+++p+n+ss +kl+ef + ++q+et+q s st+dpkdl+ sgekglrs+ests+slvpdtdy+tqds+slle+d+ +a+ qcv+++a+++pk+l++++skd++ + egf  p r +++h+e+  e+e+seldtqylqntf   krqsf+lfg++f+tasnkeik+seh+ikk+kmlfkdiee+y++a++eqssa+vsd+en+ht++q+ls+nsn+nlt sq+aei els ileesgsqfeftqfrkp h+iqlettsee k dlh +i+a+sisq dsskkfega+g+kqkfa+ll+n+ n+sa+g+l +++e  ++gfysa+gklnvssealq+a+klfsdieniseetsaevdp sf+ss+++dsvs +kien+nndknlnekn++cql+lqnn+emttgi veenteny+rnten++ ++ +++lg++ g+dssk+hkdendlpchni lk+ssqf++e +tq ke+lsdltclevvkaeet++++  +keqlta +m q+++f   d+sf+tasgknirvskeslnkvvn+fd+k ee +++fsd+lns+llsg  kn+md+s+h et+knkil es+p +++++l +l q+pe++i + kep+llgf+ta gkkv+i+kesldkvk+lfdes+i + shq aktlk reckeg+ela+etve t+ pk+eem                p+l  +l+rq+enl++s+sisl+vk +t + tnq++ysai++ +lafy ghg+kisvfstasgksv+vsd slqkarq+f +rgspfqekmtagdn+qlvpad+ n+tefynkslssyken+eniqcgenfmdmecfmilnpsqqlaiavlsltlgtftvlenllvlcvilhsrslrcrpsYhfigslav dllgsvifvys vdfhvfhrkdspnvflfklggvtasftasvgslfltaidrYisihrplaYkrivtrpkavvafclmwtiaiviavlpllgwnckklqsvcsdifplidetylmfwigvtsvlllfivyaymyilwkahshavrmiqrgtqksiiihtsedgkvqvtrpdqarmdirlaktlvlilvvliicwgpllaimvydvfgkmnkliktvfafceddsgddtfgdedng+gp++           dsa ttqsredsas+ eds+q+ +s+srdld ed v           +sesee+wvgg+segdsshgd+sef+d+g+qsddpds+rse ++srm+s ++ks+es+g+s +q+ tqdsg++qsve++s+kffrksriseeddr++l+dsntme+++sdste+sks+sqed+es+sqeds+++ d+ss psqesssesqe+ vesrgdnpd      + +qedsdsseedsln++sssesesre+qadsesneslsees+es+e++nsssqeglqsqs+s+sq   +s+s e++ds+ssssee gq+kn+e+esrklt+d kp+fynddswvefieldiddpdek+egsdtdrlls+dhqkslnilgakdddsgrtscyepd le+dfn+ dvc+gtsev+q+++lkge dllcld+knq+nsp+ dap++q+++vi+a+++kp+ l+ig+tes++q+a+tq+snpsslan+dfyaqvsditpagsvvlspgqknkag+sqc+e      anfi+d+a+f++ da++cia+ phvev+s eps+ qed+yittesltt+a++sg+a +ap sem++pdyts+hivqspq l+lna+a+keflsscgy                                        yvms+vcknnkkvtfrctekdlvgdvpearYgh idvvysrgksmgvlfggrsYmps+qrttekwnsvadc phvflvdfeFgc+tsy+lpel dglsFhvsia+ dt+Yilgghslannirp+nlyrirvdlplgspav+ctvleella+lq++irhev +gnvgylrvdd+pgqev+s+lg+flv++vwk+lmgtsalvldlr+c +ghvsgipyvisylhpgntvlhvdtiydrpsnttteiwtlpqvlgerysa+kdvvvltsgrtggvaed+ayilkqmrraivvgert+ggaldl+klrigqs+ffltvpvsrslgpl+ggsqtwegsgvlpcv+tpaeqalekalailtlrralpgvv+rlqealq+yytlvdrv allh+l+smd+s+vvseedlvtkln+glqavsedprl+vra +p+etssgpp+deaarqalvd+vfqvs  
  Abrocoma_bennettii 2037 XXVNEWFSRSDEMETSEDGCDWEXEKTDLKASDPQRAVTCATVRGCPSAGKGSVEDKVFGKTYRRKGSLANLSHSAXVTQECPLTSTVKRKRRTLSCLHPEDFIKKAGLAAAQKTPEKDTQGMKQSSQVTSIPNNN-ENETEGVAVQRXQNPSPVQSLEKESVPGMGTEPQSSSGNSMELEWNVCPPGAPQGNRLRKRSSARQVP--------HLSPPGHPELQIDTSTSSEEKGDSSWQVQVRHGRKLTLAGALDA-------AAGEAVPEQKLASVPSNSSSPDKLTEFXSANPQKETLQGSGSTRDPKDLLSSGEKGLRSAESTSVSLVPDTDYSTQDSVSLLETDSRRASLQCVAYVAVTKPKDLLPAQSKDAGXGXEGFDXPSRFNMSHREADAEVEDSELDTQYLQNTFLSXKRQSFVLFGGSFKTASNKEIKVSEHDIKKGKMLFKDIEERYNSASFEQSSASVSDRENNHTAFQILSSNSNSNLTSSQRAEIAELSIILEESGSQFEFTQFRKPIHLIQLETTSEESKGDLHPVIDASSISQEDSSKKFEGALGEKQKFAYLLQNSPNNSAAGFLINEKE-XYKGFYSARGKLNVSSEALQRALKLFSDIENISEETSAEVDP-SFCSSRSSDSVSXLKIENHNNDKNLNEKNTHCQLVLQNNAEMTTGISVEENTENYMRNTENKN-TYASYQLGQFGGTDSSKVHKDENDLPCHNILLKSSSQFIREVSTQ-KESLSDLTCLEVVKAEETCYIS-ASKEQLTAGEMXQYNNF---DISFHTASGKNIRVSKESLNKVVNFFDQKPEE-WDDFSDALNSKLLSGR-KNRMDLSRHGETNKNKILGESTPGNIGTEL-SLLQEPEYKIGHNKEPNLLGFYTAXGKKVNIVKESLDKVKSLFDESKIGKSSHQVAKTLKGRECKEGVELAHETVERTADPKHEEM----------------PSL--NLDRQSENLRISSSISLEVKPSTSSGTNQFPYSAINDLPLAFYIGHGKKISVFSTASGKSVEVSDGSLQKARQMFCYRGSPFQEKMTAGDNAQLVPADPGNLTEFYNKSLSSYKENDENIQCGENFMDMECFMILNPSQQLAIAVLSLTLGTFTVLENLLVLCVILHSRSLRCRPSYHFIGSLAVXDLLGSVIFVYSXVDFHVFHRKDSPNVFLFKLGGVTASFTASVGSLFLTAIDRYISIHRPLAYKRIVTRPKAVVAFCLMWTIAIVIAVLPLLGWNCKKLQSVCSDIFPLIDETYLMFWIGVTSVLLLFIVYAYMYILWKAHSHAVRMIQRGTQKSIIIHTSEDGKVQVTRPDQARMDIRLAKTLVLILVVLIICWGPLLAIMVYDVFGKMNKLIKTVFAFCEDDSGDDTFGDEDNGLGPQK-----------DSAGTTQSREDSASR-EDSTQYLASNSRDLDVEDGV-----------NSESEERWVGGSSEGDSSHGDSSEFHDNGIQSDDPDSTRSEGGSSRMDSSKAKSRESQGDS-KQEXTQDSGDRQSVESSSKKFFRKSRISEEDDRDDLEDSNTMEDLRSDSTESSKSDSQEDTESESQEDSEDT-DTSSSPSQESSSESQEDGVESRGDNPDA-----T-SQEDSDSSEEDSLNSFSSSESESREQQADSESNESLSEESQESPEDDNSSSQEGLQSQSTSQSQ---ESRSGEDTDSNSSSSEEGGQPKNMEAESRKLTMDFKPQFYNDDSWVEFIELDIDDPDEKIEGSDTDRLLSSDHQKSLNILGAKDDDSGRTSCYEPDXLEADFNVGDVCHGTSEVVQQDKLKGEPDLLCLDEKNQTNSPC-DAPDPQPANVIPAKQDKPQLLFIGKTESAKQDAPTQISNPSSLANMDFYAQVSDITPAGSVVLSPGQKNKAGMSQCEE------ANFIKDSACFFKGDAQQCIATSPHVEVQSEEPSLRQEDTYITTESLTTAAEKSGAAGQAPCSEMALPDYTSVHIVQSPQALILNAAANKEFLSSCGYXXXXXXXXXXXXXXXXXXXXXXXXXXXXXXXXXXXXXXXXYVMSIVCKNNKKVTFRCTEKDLVGDVPEARYGHXIDVVYSRGKSMGVLFGGRSYMPSTQRTTEKWNSVADCXPHVFLVDFEFGCATSYVLPELXDGLSFHVSIAKTDTVYILGGHSLANNIRPPNLYRIRVDLPLGSPAVSCTVLEELLARLQRNIRHEVXQGNVGYLRVDDLPGQEVLSRLGGFLVNHVWKQLMGTSALVLDLRQCPSGHVSGIPYVISYLHPGNTVLHVDTIYDRPSNTTTEIWTLPQVLGERYSAEKDVVVLTSGRTGGVAEDVAYILKQMRRAIVVGERTEGGALDLRKLRIGQSSFFLTVPVSRSLGPLSGGSQTWEGSGVLPCVSTPAEQALEKALAILTLRRALPGVVHRLQEALQEYYTLVDRVXALLHRLSSMDYSTVVSEEDLVTKLNSGLQAVSEDPRLVVRAAGPRETSSGPPKDEAARQALVDTVFQVSXX 4459
                          679**********************************************************************************************************************************985.9*******************************************************************........779***********************************999443.......47899*****************************************************************************************************************************************************************************************************************************************************************************************************************************99.69****************************************.9************************************************************86.799******************************************.99********************.5569*************...*****************************998.***************9.9****************************8.89999*********************************************************************************................555..89**************************************************************************************************************************************************************************************************************************************************************************************************************************************************************************************************************************************98...........89***********88.*****************999...........599**********************************************************.**********************************************************************97.88999**********************4.....3.79***********************************************************887...9******************************************************************************************************************************************.*****************************************************************************9......************************************************************************************************************************************************************************************************************************************************************************************************************************************************************************************************************************************************************************************************************************************************************************************************************975 PP

  == domain 3  score: 4943.5 bits;  conditional E-value: 0
       Meredith169AA 4778 pinssgtksafvtvrvldtpsppvnlkvteitkdsvsitwepplldggskiknyivekreatrksYaAvvTnchKnsWKidqLqeGcsYyFRVtAeneYGiGlpartadpiKvaeVpqPpgKitvdDVTRnSVSLsWtKPEHDGGSKIiqYiVEMQAKhseKWSeCARVKsLEAVITNLtQGEEYLFRVvAVNEKGRSDPRSLAVPivAKDLVIEPDVRPaFnsYSvQVGqDLKIEVpISGRPKPtITWtKDglpLKQTTRiNVtDsldlTvLsiKEthKdDgGhYgItVANVvGqKtAsieIitLDKPDPPkGPVKfDeVSAESITLSWnPplYTGGcqItnYiVqKRDTTtTvWdvvsatvarttlkvtklktgteyqfrifaenrygqsfalesepivaqypykepgppgtpfvtaiskdsmvvqwhepinnggspvigyhlerkernsilwtkvnktiihdtqfkalnleegieyefrvyaenivgvgkasknsecyvardpcdppgtpeaiivkrneitlqwtkpvydggsmitgyivekrdlpegrwmkasftnvietqftvsgltedqryefrviaknaagaiskpsdstgpitakdevelprismdpkfrdtivvnagetfrleadvhgkplptiewlrgdkeveesarceikntdfkallivkdairidggqyilrasnvagsksfpvnvkvldrpgppegpvqvtgvtsekctltwspplqdggsdishYvvekretsrlawtvvasevvtnslkvtkllegneYifrimavnkYgvgeplesapvlmknpfvlpgppkslevtniakdsmtvcwnrpdsdggseiigyivekRdrsgirwikcnkrRitdlRlRvtgltedheYeFRvsaenaagvgepspatvYYkacdpvfkpgpptnahivdttknsitlawgkpiydggseilgyvveickadeeewqivtpqtglrvtrfeiskliehqeYkirvcalnkvglgeaasvpgtvkpedkleapeldlDSeLRKGivvrAGGsaRihipFKGrptpeitwsreeGeftdkvqiekglnytqLsidncDRnDAGKYilkLenSsGsksAFvtvKVLDtpGppqnLaVkevkkdsvllvweppiidGGakvKnYvidkrestrkayanvsskcsktsfkvenltegaiyyfrvmaenefgvgvpvetvdavkaaeppsppgkvtltdvsqtsASlmWeKPehDGGSRiLGYvVEmqPKGtekWsvvaesKvCnAvvtGLSsGqeYqFrVkAYNeKGkSDPRvLGvPvIAkDLTIqPsfkLpFntYsvqAGedlkieipvigrprpkiswvkdgeplkqttrvnveetatstilhikesnkddfgkYtitatnsagtatenlsiivlekpgppvgpvrfdevsadfvvisweppaYtggcqisnyivekrdtttttwqmvsatvarttikitklktgteyqfrifaenryscqdillsnaplgpqfpftgvddreswpsvfynrtcqcsgnfmgfncgnckfgfwgpncterrllvrrnifdlsvpeknkflayltlakhtispdyviptgtygqmnngstpmfndiniydlfvwmhyyvsrdtllggs.evwssklseaefevlkafvvgmmerlhisqkrirvavveyhdgshayielkdrkrpselrriasqvkyagsqvastsevlkytlfqifgkidrpeasriallltasqepprlarnlvryvqglkkkkvivipvgigphaslkqirliekqapenkafvlsgvdeleqrrdeiisylcdlapeapavaqvtvgpellgsslgpkrsmvldvvfvlegsdkvgeanfnrskefmeeviqrmdvgqdsihvtvlqysytvtveytfreaqskedvlqrvreiryrggnrtntglalqylsehsfsasqgdreqapnlvymv 6705
                            nssg+ksafvtvrvldtpsppvnlkvteitkdsvsitwepplldggskiknyivekreatrksYaAvvTnchKnsWKidqLqeGcsYyFRVtAeneYGiGlpartadpiKvaeVpqPpgKitvdDVTRnSVSLsWtKPEHDGGSKIiqYiVEMQAKhseKWSeCARVKsLEAVITNLtQGEEYLFRVvAVNEKGRSDPRSLAVPi+AKDLVIEPDVRPaF+sYSvQVGqDLKIEVpISGRPKPtITWtKD+lpLKQTTRiNVtDsldlT+LsiKEthKdD+GhYgItVANVvGqKtAsieIitLDKPDPPkGPVKfDe+SAESITLSW+Pp+YTGGcqItnY+VqKRDTTtTvWd+vsatvarttlkvtklktgteyqfrifaenrygqsfalesep+va+ p kepgppgtpf+ aiskdsmv+qwhepinnggsp+igyhlerkernsilwtkvnktiihdtqfk+lnleegieyefrv+aenivgvgk+sk+secyvardpcdppgtpeaiivkrneitlqwtkpvydggsmitgyivekrdlpegrwmkasftnvietqftvsgltedqryefrviaknaagaiskpsdstgpitakdevelprismdpkfrdtivvnagetfrleadvhgkplptiewlrgdkeveesarceikntdfkalli+kdairidggqyilrasnvagsksfpvnvkvldrpgppegpvqvtgvt+ekctl+wspplqdggsdishYvvekretsrlawtvvasevvtnslk+tkllegneYifrimavnkYgvgeplesapvlmknpfvlpgppkslevtniakdsmtvcwnrpdsdggseiigyivekRdrsgirwikcnkrRitdlRlRvtgltedheYeFRvsaenaagvgepspatvYYkacdpvfkpgpptn+h+vdttk+sitlaw+kpiydggseilgy+veickadeeewqivtpqtglrvtrfei kl+ehqeYkirvcalnkvglgeaasvpgtvkpedkleapeldlDSeLRKGivvrAGGsaRihipFKGrptpeitwsreeGeftd+vqiekgln+tqLsidncDRnDAGKY+lkLenSsGsksAFvtvKVLDtpGppqnL+Vke++kdsvll weppiidGG kvKnYv+dkrestrkayanvsskcskt+fkvenltegaiyyfrvmaenefg+gvpvet+davka+eppsppgkvtltdvsqts SlmWeKPehDGGSR+LGY+VEmqPKGtekWsvvaesKvCnAvvtGLSsGqeYqFr+kAYNeKGkSDPRvLGvPvIAkDLTIqPsfkLpFntYsvqAGedlkieipvigrprpkiswvkdgeplkqttrvnveet tstilhik+s+kddfgkYtitatnsagtatenlsiivlekpgppvgpv+fdevsadfvvisweppaYtggcqisnyivekrdtttttw+mvsatvarttik+tklktgteyqfrifaenryscqd+lls+ap+gpqfpftgvddreswpsvfynrtcqcsgnf gf+cg+c+fg+ gp c ++r+lvrrnifdlsv+ek+kflayltlakht+s+dyviptgtygqm+ngst mfnd+niydlfvwmhyyvsrdtll       ss+lsea+fevlkafvv++merlhisqkrirvavveyhdgshay+elk+rkrpselrriasqvky+gsqvastsevlkytlfqifgki+rpeasri+llltas+ep++++rnlvr vqglkkkkvi++pv igph++l+qirliekqapenkaf+lsgvdeleqrrdeii+ylcd+apeapavaqvtvgp+l++ s++pkrsmvldvvfvlegsdkvgeanfnrskefm eviqrmdvgqd++hvtvlqysy+v+veytfreaqsk+dvlq+vrei++rggn+tntglalqylsehsfsasqgdreqapnlvymv
  Abrocoma_bennettii 4691 XXNSSGMKSAFVTVRVLDTPSPPVNLKVTEITKDSVSITWEPPLLDGGSKIKNYIVEKREATRKSYAAVVTNCHKNSWKIDQLQEGCSYYFRVTAENEYGIGLPARTADPIKVAEVPQPPGKITVDDVTRNSVSLSWTKPEHDGGSKIIQYIVEMQAKHSEKWSECARVKSLEAVITNLTQGEEYLFRVVAVNEKGRSDPRSLAVPIIAKDLVIEPDVRPAFSSYSVQVGQDLKIEVPISGRPKPTITWTKDDLPLKQTTRINVTDSLDLTTLSIKETHKDDSGHYGITVANVVGQKTASIEIITLDKPDPPKGPVKFDEISAESITLSWQPPVYTGGCQITNYVVQKRDTTTTVWDIVSATVARTTLKVTKLKTGTEYQFRIFAENRYGQSFALESEPVVAKNPNKEPGPPGTPFARAISKDSMVIQWHEPINNGGSPIIGYHLERKERNSILWTKVNKTIIHDTQFKVLNLEEGIEYEFRVCAENIVGVGKPSKTSECYVARDPCDPPGTPEAIIVKRNEITLQWTKPVYDGGSMITGYIVEKRDLPEGRWMKASFTNVIETQFTVSGLTEDQRYEFRVIAKNAAGAISKPSDSTGPITAKDEVELPRISMDPKFRDTIVVNAGETFRLEADVHGKPLPTIEWLRGDKEVEESARCEIKNTDFKALLIIKDAIRIDGGQYILRASNVAGSKSFPVNVKVLDRPGPPEGPVQVTGVTAEKCTLAWSPPLQDGGSDISHYVVEKRETSRLAWTVVASEVVTNSLKITKLLEGNEYIFRIMAVNKYGVGEPLESAPVLMKNPFVLPGPPKSLEVTNIAKDSMTVCWNRPDSDGGSEIIGYIVEKRDRSGIRWIKCNKRRITDLRLRVTGLTEDHEYEFRVSAENAAGVGEPSPATVYYKACDPVFKPGPPTNVHVVDTTKSSITLAWSKPIYDGGSEILGYIVEICKADEEEWQIVTPQTGLRVTRFEIAKLTEHQEYKIRVCALNKVGLGEAASVPGTVKPEDKLEAPELDLDSELRKGIVVRAGGSARIHIPFKGRPTPEITWSREEGEFTDRVQIEKGLNFTQLSIDNCDRNDAGKYLLKLENSSGSKSAFVTVKVLDTPGPPQNLTVKEIRKDSVLLAWEPPIIDGGXKVKNYVVDKRESTRKAYANVSSKCSKTNFKVENLTEGAIYYFRVMAENEFGIGVPVETTDAVKASEPPSPPGKVTLTDVSQTSTSLMWEKPEHDGGSRVLGYIVEMQPKGTEKWSVVAESKVCNAVVTGLSSGQEYQFRIKAYNEKGKSDPRVLGVPVIAKDLTIQPSFKLPFNTYSVQAGEDLKIEIPVIGRPRPKISWVKDGEPLKQTTRVNVEETPTSTILHIKDSSKDDFGKYTITATNSAGTATENLSIIVLEKPGPPVGPVKFDEVSADFVVISWEPPAYTGGCQISNYIVEKRDTTTTTWHMVSATVARTTIKVTKLKTGTEYQFRIFAENRYSCQDVLLSQAPFGPQFPFTGVDDRESWPSVFYNRTCQCSGNFRGFSCGSCRFGYGGPDCSQKRVLVRRNIFDLSVAEKDKFLAYLTLAKHTVSADYVIPTGTYGQMKNGSTAMFNDVNIYDLFVWMHYYVSRDTLLRXXxXXXSSRLSEADFEVLKAFVVSVMERLHISQKRIRVAVVEYHDGSHAYLELKARKRPSELRRIASQVKYVGSQVASTSEVLKYTLFQIFGKIERPEASRIVLLLTASSEPKHMTRNLVRSVQGLKKKKVILMPVAIGPHVNLQQIRLIEKQAPENKAFMLSGVDELEQRRDEIINYLCDHAPEAPAVAQVTVGPRLSELSPEPKRSMVLDVVFVLEGSDKVGEANFNRSKEFMVEVIQRMDVGQDGVHVTVLQYSYMVAVEYTFREAQSKGDVLQHVREIQFRGGNQTNTGLALQYLSEHSFSASQGDREQAPNLVYMV 6619
                          57***********************************************************************************************************************************************************************************************************************************************************************************************************************************************************************************************************************************************************************************************************************************************************************************************************************************************************************************************************************************************************************************************************************************************************************************************************************************************************************************************************************************************************************************************************************************************************************************************************************************************************************************************************************************************************************************************************************************************************************************************************************************************************************************************************************************************************************999****************************************************************************************************************************************************************************************************************************************************************************************************************************8 PP



Internal pipeline statistics summary:
-------------------------------------
Query model(s):                              1  (6705 nodes)
Target sequences:                            1  (6619 residues searched)
Passed MSV filter:                         1  (1); expected 0.0 (0.02)
Passed bias filter:                        1  (1); expected 0.0 (0.02)
Passed Vit filter:                         1  (1); expected 0.0 (0.001)
Passed Fwd filter:                         1  (1); expected 0.0 (1e-05)
Initial search space (Z):                  1  [actual number of targets]
Domain search space  (domZ):               1  [number of targets reported over threshold]
# CPU time: 1.22u 0.11s 00:00:01.33 Elapsed: 00:00:01.32
# Mc/sec: 33.62
//
[ok]
