dbcol: cannot open input: cannot open TEST/nonexistant_file
