#fsdb mean:d stddev:d pct_rsd:d conf_range:d conf_low:d conf_high:d conf_pct:d sum:d sum_squared:d min:d max:d n:q
1 0 0 0 1 1 0.95 4 4 1 1 4
#   | dbcolstats absdiff
