#fsdb newtype:d test number:l
1.0	a	1
1.0	b	2
#   | dbcolcreate -f -e 1.0 newtype:d
