#fsdb mean:d stddev:d pct_rsd:d conf_range:d conf_low:d conf_high:d conf_pct:d sum:d sum_squared:d min:d max:d n:q
0.064188 0.036194 56.387 0.037989 0.026199 0.10218 0.95 0.38513 0.031271 0 0.096602 6
#  | /home/johnh/BIN/DB/dbrow 
#  | /home/johnh/BIN/DB/dbcol event clock
#  | dbrowdiff clock
#  | /home/johnh/BIN/DB/dbcol absdiff
#   | dbcolstats absdiff
