#fsdb -F S experiment mean:d stddev:d pct_rsd:d conf_range:d conf_low:d conf_high:d conf_pct:d sum:d sum_squared:d min:d max:d n:q
ufs mab sys  37.25  0.070711  0.18983  0.6353  36.615  37.885  0.95  74.5  2775.1  37.2  37.3  2
ufs rcp real  271.2  9.4752  3.4938  85.13  186.07  356.33  0.95  542.4  1.4719e+05  264.5  277.9  2
# test trailing comment
#   | dbmapreduce --prepend-key --copy-fs -k experiment -- dbcolstats --nolog duration
