#fsdb cid:l cname:a
10	pascal
11	numanal
12	os
#   | dbsort -n cid
