#                                                               --- full sequence ---- --- best 1 domain ---- --- domain number estimation ----
# target name        accession  query name           accession    E-value  score  bias   E-value  score  bias   exp reg clu  ov env dom rep inc description of target
#------------------- ---------- -------------------- ---------- --------- ------ ----- --------- ------ -----   --- --- --- --- --- --- --- --- ---------------------
seq14                -          cDeqess73u           -            2.2e-33  106.9   0.8   5.3e-33  105.7   0.8   1.6   1   1   0   1   1   1   1 -
seq6                 -          cDeqess73u           -            1.3e-32  104.4   3.3   1.5e-32  104.3   3.3   1.0   1   0   0   1   1   1   1 -
seq5                 -          cDeqess73u           -            3.6e-29   93.3   0.2     4e-29   93.2   0.2   1.0   1   0   0   1   1   1   1 -
seq1                 -          cDeqess73u           -            4.4e-29   93.1   0.3     5e-29   92.9   0.3   1.0   1   0   0   1   1   1   1 -
seq2                 -          cDeqess73u           -            4.4e-29   93.1   0.3     5e-29   92.9   0.3   1.0   1   0   0   1   1   1   1 -
seq4                 -          cDeqess73u           -            4.4e-29   93.1   0.3     5e-29   92.9   0.3   1.0   1   0   0   1   1   1   1 -
seq3                 -          cDeqess73u           -            4.8e-29   92.9   0.3   5.5e-29   92.7   0.3   1.0   1   0   0   1   1   1   1 -
seq10                -          cDeqess73u           -            1.2e-26   85.1   0.1   1.4e-26   85.0   0.1   1.0   1   0   0   1   1   1   1 -
seq16                -          cDeqess73u           -            1.6e-26   84.8   0.0   1.8e-26   84.6   0.0   1.0   1   0   0   1   1   1   1 -
seq15                -          cDeqess73u           -            3.2e-25   80.6   0.0   3.8e-25   80.3   0.0   1.0   1   0   0   1   1   1   1 -
seq21                -          cDeqess73u           -            6.8e-23   73.1   0.1   7.8e-23   72.9   0.1   1.0   1   0   0   1   1   1   1 -
seq8                 -          cDeqess73u           -            7.6e-23   72.9   0.0   9.1e-23   72.6   0.0   1.0   1   0   0   1   1   1   1 -
seq22                -          cDeqess73u           -            3.3e-15   48.2   4.5   3.8e-15   48.0   4.5   1.0   1   0   0   1   1   1   1 -
seq17                -          cDeqess73u           -            5.1e-14   44.4   0.0   5.7e-14   44.2   0.0   1.0   1   0   0   1   1   1   1 -
seq13                -          cDeqess73u           -            2.8e-12   38.7   0.3   3.5e-12   38.4   0.3   1.1   1   0   0   1   1   1   1 -
seq23                -          cDeqess73u           -              5e-11   34.7   5.7   5.5e-11   34.6   5.7   1.1   1   0   0   1   1   1   1 -
seq18                -          cDeqess73u           -            2.6e-09   29.2   0.1   2.8e-09   29.1   0.1   1.0   1   0   0   1   1   1   1 -
seq12                -          cDeqess73u           -            1.1e-08   27.1   0.1   1.2e-08   27.0   0.1   1.1   1   0   0   1   1   1   1 -
seq9                 -          cDeqess73u           -            2.6e-07   22.7   0.0   2.6e-07   22.7   0.0   1.0   1   0   0   1   1   1   1 -
seq24                -          cDeqess73u           -            3.1e-07   22.4   0.0   3.6e-07   22.3   0.0   1.0   1   0   0   1   1   1   1 -
seq19                -          cDeqess73u           -            4.1e-07   22.1   0.2   4.5e-07   22.0   0.2   1.0   1   0   0   1   1   1   1 -
seq20                -          cDeqess73u           -            3.1e-06   19.2   0.0   4.8e-06   18.6   0.0   1.4   1   1   0   1   1   1   1 -
seq7                 -          cDeqess73u           -            1.1e-05   17.5   0.0   1.1e-05   17.5   0.0   1.0   1   0   0   1   1   1   1 -
#
# Program:         hmmsearch
# Version:         3.2.1 (June 2018)
# Pipeline mode:   SEARCH
# Query file:      /var/folders/zd/h9vt4d056t552wjnjjsfgstm0000gn/T/pZ9pjnr3GA.hmm
# Target file:     /var/folders/zd/h9vt4d056t552wjnjjsfgstm0000gn/T/2_AzDnQyav.fasta
# Option settings: hmmsearch --tblout /var/folders/zd/h9vt4d056t552wjnjjsfgstm0000gn/T/xfBASFdqlk.hmmsearch /var/folders/zd/h9vt4d056t552wjnjjsfgstm0000gn/T/pZ9pjnr3GA.hmm /var/folders/zd/h9vt4d056t552wjnjjsfgstm0000gn/T/2_AzDnQyav.fasta 
# Current dir:     /Users/denis/Dropbox/Private/Development/Perl/Bio-MUST-Drivers
# Date:            Wed Mar 27 16:13:03 2019
# [ok]
