# hmmsearch :: search profile(s) against a sequence database
# HMMER 3.3 (Nov 2019); http://hmmer.org/
# Copyright (C) 2019 Howard Hughes Medical Institute.
# Freely distributed under the BSD open source license.
# - - - - - - - - - - - - - - - - - - - - - - - - - - - - - - - - - - - -
# query HMM file:                  /var/folders/zd/h9vt4d056t552wjnjjsfgstm0000gn/T/NqlzrazR87.hmm
# target sequence database:        /var/folders/zd/h9vt4d056t552wjnjjsfgstm0000gn/T/LklwAdEJKq.fasta
# output directed to file:         /var/folders/zd/h9vt4d056t552wjnjjsfgstm0000gn/T/86nijo1Hye.hmmsearch
# max ASCII text line length:      unlimited
# - - - - - - - - - - - - - - - - - - - - - - - - - - - - - - - - - - - -

Query:       u7u0UHVz17  [M=199]
Scores for complete sequences (score includes all domains):
   --- full sequence ---   --- best 1 domain ---    -#dom-
    E-value  score  bias    E-value  score  bias    exp  N  Sequence Description
    ------- ------ -----    ------- ------ -----   ---- --  -------- -----------
    1.7e-33  107.2   0.0    1.9e-33  107.1   0.0    1.0  1  seq15     
    3.2e-32  103.2   0.0    3.9e-32  102.9   0.0    1.0  1  seq16     
    2.5e-31  100.3   3.2    2.8e-31  100.1   3.2    1.0  1  seq6      
    4.5e-27   86.5   0.2    5.2e-27   86.3   0.2    1.0  1  seq5      
    5.4e-27   86.3   0.2    6.3e-27   86.1   0.2    1.1  1  seq1      
    5.4e-27   86.3   0.2    6.3e-27   86.1   0.2    1.1  1  seq2      
    5.4e-27   86.3   0.2    6.3e-27   86.1   0.2    1.1  1  seq4      
    5.9e-27   86.2   0.2    6.9e-27   86.0   0.2    1.0  1  seq3      
    3.7e-24   77.1   0.1    4.1e-24   77.0   0.1    1.0  1  seq10     
    2.4e-21   68.1   0.0      3e-21   67.8   0.0    1.0  1  seq8      
    2.7e-19   61.4   4.5      3e-19   61.3   4.5    1.0  1  seq22     
    2.3e-15   48.8   0.0    2.5e-15   48.6   0.0    1.0  1  seq17     
    9.7e-15   46.7   0.6    4.9e-14   44.5   0.6    1.8  1  seq14     
    3.6e-14   44.9   0.0    4.4e-14   44.6   0.0    1.1  1  seq21     
    9.4e-14   43.5   0.2    1.3e-13   43.1   0.2    1.2  1  seq13     
    1.6e-13   42.8   0.2    1.8e-13   42.6   0.2    1.0  1  seq19     
    8.7e-12   37.2   0.0    9.9e-12   37.0   0.0    1.0  1  seq18     
    5.6e-09   28.1   5.2      7e-09   27.8   5.2    1.1  1  seq23     
      2e-08   26.4   0.0    2.3e-08   26.1   0.0    1.0  1  seq24     
    8.3e-07   21.1   0.0    8.3e-07   21.1   0.0    1.0  1  seq9      
    1.9e-06   20.0   0.1      2e-06   19.9   0.1    1.0  1  seq12     
    2.8e-06   19.4   0.0    4.5e-06   18.8   0.0    1.4  1  seq20     
    4.3e-06   18.8   0.0    4.3e-06   18.8   0.0    1.0  1  seq7      


Domain annotation for each sequence (and alignments):
>> seq15  
   #    score  bias  c-Evalue  i-Evalue hmmfrom  hmm to    alifrom  ali to    envfrom  env to     acc
 ---   ------ ----- --------- --------- ------- -------    ------- -------    ------- -------    ----
   1 !  107.1   0.0   1.8e-33   1.9e-33       3     186 ..       3     183 ..       1     184 [] 0.97

  Alignments for each domain:
  == domain 1  score: 107.1 bits;  conditional E-value: 1.8e-33
  u7u0UHVz17   3 mfglagkdfvvlaadplmarsiksqkkdvnkiypghpsrfcrvgdpadklrahdfpe..lkinlivkeygknsaegaglar.glaealrrlplatevlyggicangydtgylgklaeaerirlpalnvkkivslnscngtisrrkkpagekataiealrrarfkkhkrlklkkskkgfkvkasskkg 186
                 mfglagkdfvvlaad+++a+si++ k+d++ki+++++++f + g+pad++++++f+e  +k+n+ ++ +++ ++ +a ++r  la+alr++p++t++l+ gi+a+g+ ++++++la  e+++  a++++++++l     +++r++kp++e+a+ai+ +++++ +  +r++++++  gfk+k++sk+g
       seq15   3 MFGLAGKDFVVLAADGQAAYSIIRLKNDADKIWKVGKMLFACSGPPADTANFMEFIEknVKLNELRTGIPMSTKAAASFTRnELAHALRKGPFQTDILVAGIDADGPGLYFMDYLASSEKVNKAAHGYGAMFTLG----LMDRYWKPNLEEAEAIDIIKMCIKELETRFIVDLP--GFKCKIVSKDG 183
                 6778899999**********************************************99999********************99***************************************************9....9*********************************9..9*****99987 PP

>> seq16  
   #    score  bias  c-Evalue  i-Evalue hmmfrom  hmm to    alifrom  ali to    envfrom  env to     acc
 ---   ------ ----- --------- --------- ------- -------    ------- -------    ------- -------    ----
   1 !  102.9   0.0   3.7e-32   3.9e-32       2     186 ..       3     187 ..       2     188 .] 0.95

  Alignments for each domain:
  == domain 1  score: 102.9 bits;  conditional E-value: 3.7e-32
  u7u0UHVz17   2 amfglagkdfvvlaadplmarsiksqkkdvnkiypghpsrfcr.vgdpadklrahdfpe..lkinlivkeygknsaegaglar.glaealr.rlplatevlyggicangyd.tgylgklaeaerirlpalnvkkivslnscngtisrrkkpagekataiealrrarfkkhkrlklkkskkgfkvkasskkg 186
                 +++g+agkd+v laad++++rs++ +k dvnk+y+ +p+++++ vg+p+d+++++++ +  +k++++++eyg n a++a+++r +la+a+r r+p++++vl+gg++  g++ ++yl++l++++++++ a+++++++sl     t++r++ p++++++  ++l++++++++krl+l++s  +f+v+ +sk+g
       seq16   3 CLIGIAGKDHVLLAADRTGGRSVLLMKGDVNKMYQLTPTCAMVlVGEPGDNTHFGEYLTkqFKLHSMKFEYGLNVAQVADFVRyRLAKAIRsRHPYSVNVLIGGVDEGGESeLYYLDYLGTKAKVPFGAHGYGSYFSLS----TLDRKYSPSQSPEQSRDLLNQCIQEINKRLILNLS--SFNVHLISKEG 187
                 5567889999999****************************999*************99999*********************999************************978999*****9****************8....9**********************************..99**9988865 PP

>> seq6  
   #    score  bias  c-Evalue  i-Evalue hmmfrom  hmm to    alifrom  ali to    envfrom  env to     acc
 ---   ------ ----- --------- --------- ------- -------    ------- -------    ------- -------    ----
   1 !  100.1   3.2   2.7e-31   2.8e-31      21     191 ..       3     200 ..       1     201 [] 0.94

  Alignments for each domain:
  == domain 1  score: 100.1 bits;  conditional E-value: 2.7e-31
  u7u0UHVz17  21 arsiksqkkdvnkiypghpsrfcr.vgdp...adklrahdfpelkinlivkeygknsaegaglarglaealrrlplatevlyggicangydtgylgklaeaerirlpalnvkkivslnscng...........................tisrrkkpagekataiealrrarfkkhkrlklkkskk.......................gfkvkasskkgplkaa 191
                 +r+ +++++++nk+yp  +srfcr v+dp    +k++++dfp+ ++nl+++ey++ s+eg ++ar                   ican+y+t++ gk+a+++rir++++++ +i    +c+g                           +is r+k++ ++ataiealrra+fk+++r+k+++skk                       g++v+++++kgplk++
        seq6   3 RRPARCYRYCKNKPYP--KSRFCRgVPDPkirXKKTGVDDFPK-CVNLVSDEYEQLSSEGLEAAR-------------------ICANKYMTKIAGKDAFHIRIRVHPFHIVRI----NCAGadrlqtgmrgafgkpqgtvarvhigqpLISIRCKDN-HEATAIEALRRAKFKFPGRQKIFTSKKwgftrwdraeylerrqdgsikpdGTNVQYYPNKGPLKDW 200
                 57899***********..899998899999977899******9.*********************...................**************************9999....788788888889999999999999999999999*******.68***********************989*********************99************977 PP

>> seq5  
   #    score  bias  c-Evalue  i-Evalue hmmfrom  hmm to    alifrom  ali to    envfrom  env to     acc
 ---   ------ ----- --------- --------- ------- -------    ------- -------    ------- -------    ----
   1 !   86.3   0.2     5e-27   5.2e-27      20     166 ..       1     248 [.       1     249 [] 0.96

  Alignments for each domain:
  == domain 1  score: 86.3 bits;  conditional E-value: 5e-27
  u7u0UHVz17  20 marsiksqkkdvnkiypghpsrfcrvgdp.adklrahdfpe..lkinlivkeygknsaegaglar.....glaealr.rlplatevlygg...........................icangydtgylgklaea................erirlpalnvkkivsln.............................scng.........................tisrrkkpagekataiealrrarfkkhk 166
                 m+r+i+sq+k++++i+++h++     +++ a+klrahd++e  ++i++ivke+++++++ga+lar     +++++lr +l+late++y+g                           ica++++tg++gkla+a                +r+rlp++++k+++s+n                             +c++                         ++++r++pag+k++ i a+r++r +++k
        seq5   1 MGRVIRSQRKGAGSIFRAHTK-----HRKgAAKLRAHDYAErhGYIKGIVKEIIHDPGRGAPLARvvfrdPYRYKLRkELFLATEGMYTGqfvycgkraalsvgnclpigampegtvICAVEEKTGDRGKLAKAsgnyatvvshnvdakkTRVRLPSGSKKVLSSTNvigvvagggridkpmlkagrayhkykvkrNCWPkvrgvamnpvehphgggnhqhigkpSTVKRNTPAGRKVGLIAARRTGRLRGGK 248
                 7899***************97.....235589********9999**************************9*************************************************************9999*************99***************9*****************************99999************************999*******************998776 PP

>> seq1  
   #    score  bias  c-Evalue  i-Evalue hmmfrom  hmm to    alifrom  ali to    envfrom  env to     acc
 ---   ------ ----- --------- --------- ------- -------    ------- -------    ------- -------    ----
   1 !   86.1   0.2     6e-27   6.3e-27      20     166 ..       1     250 [.       1     251 [] 0.96

  Alignments for each domain:
  == domain 1  score: 86.1 bits;  conditional E-value: 6e-27
  u7u0UHVz17  20 marsiksqkkdvnkiypghpsrfcrvgdp.adklrahdfpe..lkinlivkeygknsaegaglar.....glaealr.rlplatevlygg...........................icangydtgylgklaea................erirlpalnvkkivsln...............................scng.........................tisrrkkpagekataiealrrarfkkhk 166
                 m+r+i+sq+k++++i+++h++     +++ a+klrahd++e  ++i++ivke+++++++ga+lar     +++++lr +l+late++y+g                           ica++++tg++gkla+a                +r+rlp++++k+++s+n                               +c++                         ++++r++pag+k++ i a+r++r +++k
        seq1   1 MGRVIRSQRKGAGSIFRAHTK-----HRKgAAKLRAHDYAErhGYIKGIVKEIIHDPGRGAPLARvvfrdPYRYKLRkELFLATEGMYTGqfvycgkraalsvgnclpigampegtvICAVEEKTGDRGKLAKAsgnyatvvshnvdakkTRVRLPSGSKKVLSSTNrxvigvvagggridkpmlkagrayhkykvkrNCWPkvrgvamnpvehphgggnhqhigkpSTVKRNTPAGRKVGLIAARRTGRLRGGK 250
                 7899***************97.....235589********9999**************************9*************************************************************9999*************99***********************************************99999************************999*******************998776 PP

>> seq2  
   #    score  bias  c-Evalue  i-Evalue hmmfrom  hmm to    alifrom  ali to    envfrom  env to     acc
 ---   ------ ----- --------- --------- ------- -------    ------- -------    ------- -------    ----
   1 !   86.1   0.2     6e-27   6.3e-27      20     166 ..       1     250 [.       1     251 [] 0.96

  Alignments for each domain:
  == domain 1  score: 86.1 bits;  conditional E-value: 6e-27
  u7u0UHVz17  20 marsiksqkkdvnkiypghpsrfcrvgdp.adklrahdfpe..lkinlivkeygknsaegaglar.....glaealr.rlplatevlygg...........................icangydtgylgklaea................erirlpalnvkkivsln...............................scng.........................tisrrkkpagekataiealrrarfkkhk 166
                 m+r+i+sq+k++++i+++h++     +++ a+klrahd++e  ++i++ivke+++++++ga+lar     +++++lr +l+late++y+g                           ica++++tg++gkla+a                +r+rlp++++k+++s+n                               +c++                         ++++r++pag+k++ i a+r++r +++k
        seq2   1 MGRVIRSQRKGAGSIFRAHTK-----HRKgAAKLRAHDYAErhGYIKGIVKEIIHDPGRGAPLARvvfrdPYRYKLRkELFLATEGMYTGqfvycgkraalsvgnclpigampegtvICAVEEKTGDRGKLAKAsgnyatvvshnvdakkTRVRLPSGSKKVLSSTNrxvigvvagggridkpmlkagrayhkykvkrNCWPkvrgvamnpvehphgggnhqhigkpSTVKRNTPAGRKVGLIAARRTGRLRGGK 250
                 7899***************97.....235589********9999**************************9*************************************************************9999*************99***********************************************99999************************999*******************998776 PP

>> seq4  
   #    score  bias  c-Evalue  i-Evalue hmmfrom  hmm to    alifrom  ali to    envfrom  env to     acc
 ---   ------ ----- --------- --------- ------- -------    ------- -------    ------- -------    ----
   1 !   86.1   0.2     6e-27   6.3e-27      20     166 ..       1     250 [.       1     251 [] 0.96

  Alignments for each domain:
  == domain 1  score: 86.1 bits;  conditional E-value: 6e-27
  u7u0UHVz17  20 marsiksqkkdvnkiypghpsrfcrvgdp.adklrahdfpe..lkinlivkeygknsaegaglar.....glaealr.rlplatevlygg...........................icangydtgylgklaea................erirlpalnvkkivsln...............................scng.........................tisrrkkpagekataiealrrarfkkhk 166
                 m+r+i+sq+k++++i+++h++     +++ a+klrahd++e  ++i++ivke+++++++ga+lar     +++++lr +l+late++y+g                           ica++++tg++gkla+a                +r+rlp++++k+++s+n                               +c++                         ++++r++pag+k++ i a+r++r +++k
        seq4   1 MGRVIRSQRKGAGSIFRAHTK-----HRKgAAKLRAHDYAErhGYIKGIVKEIIHDPGRGAPLARvvfrdPYRYKLRkELFLATEGMYTGqfvycgkraalsvgnclpigampegtvICAVEEKTGDRGKLAKAsgnyatvvshnvdakkTRVRLPSGSKKVLSSTNrxvigvvagggridkpmlkagrayhkykvkrNCWPkvrgvamnpvehphgggnhqhigkpSTVKRNTPAGRKVGLIAARRTGRLRGGK 250
                 7899***************97.....235589********9999**************************9*************************************************************9999*************99***********************************************99999************************999*******************998776 PP

>> seq3  
   #    score  bias  c-Evalue  i-Evalue hmmfrom  hmm to    alifrom  ali to    envfrom  env to     acc
 ---   ------ ----- --------- --------- ------- -------    ------- -------    ------- -------    ----
   1 !   86.0   0.2   6.6e-27   6.9e-27      20     166 ..       1     251 [.       1     252 [] 0.96

  Alignments for each domain:
  == domain 1  score: 86.0 bits;  conditional E-value: 6.6e-27
  u7u0UHVz17  20 marsiksqkkdvnkiypghpsrfcrvgdp.adklrahdfpe..lkinlivkeygknsaegaglar.....glaealr.rlplatevlygg...........................icangydtgylgklaea................erirlpalnvkkivsln................................scng.........................tisrrkkpagekataiealrrarfkkhk 166
                 m+r+i+sq+k++++i+++h++     +++ a+klrahd++e  ++i++ivke+++++++ga+lar     +++++lr +l+late++y+g                           ica++++tg++gkla+a                +r+rlp++++k+++s+n                                +c++                         ++++r++pag+k++ i a+r++r +++k
        seq3   1 MGRVIRSQRKGAGSIFRAHTK-----HRKgAAKLRAHDYAErhGYIKGIVKEIIHDPGRGAPLARvvfrdPYRYKLRkELFLATEGMYTGqfvycgkraalsvgnclpigampegtvICAVEEKTGDRGKLAKAsgnyatvvshnvdakkTRVRLPSGSKKVLSSTNrxxvigvvagggridkpmlkagrayhkykvkrNCWPkvrgvamnpvehphgggnhqhigkpSTVKRNTPAGRKVGLIAARRTGRLRGGK 251
                 7899***************97.....235589********9999**************************9*************************************************************9999*************99************************************************99999************************999*******************998776 PP

>> seq10  
   #    score  bias  c-Evalue  i-Evalue hmmfrom  hmm to    alifrom  ali to    envfrom  env to     acc
 ---   ------ ----- --------- --------- ------- -------    ------- -------    ------- -------    ----
   1 !   77.0   0.1   3.9e-24   4.1e-24      24     187 ..       2     201 ..       1     203 [] 0.89

  Alignments for each domain:
  == domain 1  score: 77.0 bits;  conditional E-value: 3.9e-24
  u7u0UHVz17  24 iksqkkdvnkiypghpsrfcr.vgdp........adklrahdfpelkinlivkeygknsaegaglarglaealrrlplatevlyggicangydtgylgklaeaerirlpalnvkkivslnscng...........................tisrrkkpagekataiealrrarfkkhkrlklkkskk.......................gfkvkasskkgp 187
                  k+++++++k+yp  +sr+cr v+dp        a+++r+h fp+ +++li++e++++s+e  ++ar                   i an+y+++ +gk +++ rir+++++v +i  + sc+g                           ++s r +p+ +  +a+ealrra+fk+ +r++++ skk                       g+ v+ +++kgp
       seq10   2 AKCYRYQKDKPYP--KSRYCRgVPDPkiriyesgAKRARHHLFPT-TVHLISHEKEQVSSESIEAAR-------------------IAANKYMVTRVGKENFHLRIRQHPWHVLRINKMLSCAGadrlxxgmrhafgkpvgkiarvdigtiLLSLRVTPE-QVGHAKEALRRAKFKFAGRQVIFVSKKfgftklfkkdyykleeegkiipdGVGVQVVTNKGP 201
                 5799*********..8999988888899999998899*******9.*********************...................***************************99955448888899999999999999********99887899****9.6789*********************9988777777777777777777777677777777776 PP

>> seq8  
   #    score  bias  c-Evalue  i-Evalue hmmfrom  hmm to    alifrom  ali to    envfrom  env to     acc
 ---   ------ ----- --------- --------- ------- -------    ------- -------    ------- -------    ----
   1 !   67.8   0.0   2.9e-21     3e-21      48     194 ..       4     174 ..       1     176 [. 0.82

  Alignments for each domain:
  == domain 1  score: 67.8 bits;  conditional E-value: 2.9e-21
  u7u0UHVz17  48 p........adklrahdfpelkinlivkeygknsaegaglarglaealrrlplatevlyggicangydtgylgklaeaerirlpalnvkkivslnscng...........................tisrrkkpagekataiealrrarfkkhkrlklkkskk.......................gfkvkasskkgplkaagva 194
                 p        ++k+r++df + +++l+++ey++ s+e+ ++ar                   ican+y ++y+gk++++          k++    sc+g                           ++s r++ +  ka++iealrra+fk+++r+k+++s+k                       g++v+++++kgpl+a+++a
        seq8   4 PkiriydlgRKKARVDDFSL-CVHLVSDEYEQLSSEALEAAR-------------------ICANKYLVKYCGKDSFH---------NKML----SCAGadrlqtgmrgafgkpqgtvarvnigqtILSVRSREN-LKAHVIEALRRAKFKFPGRQKIYQSRKwgftkwdktvyegmradgrlvpdGVSVQYKPNKGPLQAWKKA 174
                 4455555557899*****96.*********************...................**************997.........2333....3444444444445555555566666666665778898888.8**********************9987799*******************99*************99765 PP

>> seq22  
   #    score  bias  c-Evalue  i-Evalue hmmfrom  hmm to    alifrom  ali to    envfrom  env to     acc
 ---   ------ ----- --------- --------- ------- -------    ------- -------    ------- -------    ----
   1 !   61.3   4.5   2.9e-19     3e-19      20     197 ..       1     144 [.       1     146 [] 0.91

  Alignments for each domain:
  == domain 1  score: 61.3 bits;  conditional E-value: 2.9e-19
  u7u0UHVz17  20 marsiksqkkdvnkiypghpsrfcrvgdpadklrahdfpelkinlivkeygknsaegaglarglaealrrlplatevlyggicangydtgylgklaea......erirlpalnvkkivslnscngtisrrkkpagekataiealrrarfkkhkrlklkkskkgfkvkasskkgplk..aagvaylg 197
                 ma+s+k+++k ++++ +gh++    vg+++                ++e+g+ +a g++++r                   i++++y++gy+gk +++      +++++p +n++k++sl++    + r+ k++g+k+++i++ +++++k  ++ +++++++++k k+++++++ k  aag+a+++
       seq22   1 MAQSKKKCRKLRGHVSHGHGR----VGKNR----------------KHEGGRGNAXGQHHHR-------------------INFDKYHPGYFGKVGMRhfhkttQKYFCPEINIDKLWSLVT---EQARTAKREGDKVPVIDCVKAGYYKVLGKGLAVDRPVIVKAKFFTRRAEXKikAAGGACVT 144
                 789999*************97....77664................89**************...................**************99789999999*************995...67899*****************************999999999999998766588998865 PP

>> seq17  
   #    score  bias  c-Evalue  i-Evalue hmmfrom  hmm to    alifrom  ali to    envfrom  env to     acc
 ---   ------ ----- --------- --------- ------- -------    ------- -------    ------- -------    ----
   1 !   48.6   0.0   2.4e-15   2.5e-15      23     174 ..       2     172 ..       1     173 [] 0.83

  Alignments for each domain:
  == domain 1  score: 48.6 bits;  conditional E-value: 2.4e-15
  u7u0UHVz17  23 siksqkkdvnkiypghpsrfc.rvgdpadklrahdfpe..lkinlivkeygknsaegaglar..glaealr.rlplatevlygg............icangyd.tgylgklaeaerirlpalnvkkivsln....scngtisrrkkpagekataiealrrarfkkhkrlklkksk 174
                 +++++k++v+k+ ++++ +++ +vg+ +d+l+++++++  l+ +++v+ ++++++e +g++r  +++++++ r+p+a+e+l++g            + a+g++ +g++++++ ++++  p++++    +      +   +i r+ kp +  +++   + ++r+kk+k++k+kk+k
       seq17   2 MVGETKSNVMKDLKIAKLVLNvCVGESGDRLTRAAKVLeqLTGQQPVFSKARYTGEXFGIRRneKISVHCTvRGPKAEEILEKGlkvkeyelprscFSATGNFgFGIQEHIDLGIKYD-PSIGIXXXXWFQqkydG---IILRKXKPVHLLVEILKXNLPTREKKKKKKKKKKKK 172
                 78899************988735999*****9999876699*********************9989999**************9***********999****999*****99985442.33333333222222223...99************999999***9988887766554 PP

>> seq14  
   #    score  bias  c-Evalue  i-Evalue hmmfrom  hmm to    alifrom  ali to    envfrom  env to     acc
 ---   ------ ----- --------- --------- ------- -------    ------- -------    ------- -------    ----
   1 !   44.5   0.6   4.7e-14   4.9e-14      13     195 ..       2     319 .]       1     319 [] 0.86

  Alignments for each domain:
  == domain 1  score: 44.5 bits;  conditional E-value: 4.7e-14
  u7u0UHVz17  13 vlaadplmarsiksqkkdvnkiypghpsrfcrvgdpadklrahdfpelkinlivkeygknsaegaglar...........glaealrrlplatevlygg.............................................................................icangydtgylgklaea.........................................erirlpalnvkkivsln....scng...................tisrrkkpagekataiealrrarfkkhkrlklkkskkgfkvkasskkgplkaagvay 195
                 v+aa++++a+ +ks+++++++++++h +++  + +p           +++n+++++++kn++++++ ++           g+++a++r+p   +v++gg                                                                             i++++  t++l+kl+                                           e+i++ +ln  k+ +       c +                   t + ++k++++k+t+++++r ++++ ++ ++++ ++k  +++as+kk+plk+++vay
       seq14   2 VEAAEAEAAPAEKSEEEPEPEVPQAHSGLAXXI-RP-----------DVVNFVHTNMAKNARQAYAVHKhaghqtsaeswGVGRAVARIP---RVRGGGthrsgqgafgnmcrggrmfaptktwrrwhrpinqnqrryavcsalaasalpalvmarghrvdgvnevpcvstdaiesITKTKAATDLLQKLGXXxxxxxxxxxxxxxxxxxxxxxxxxxxxxxxisqafrnlpgvETISVERLNLLKLAPGGhlgrFCIWsqsafekldslygtprkaaTEKSNYKMPAHKMTMPDLARLINSDEIQSVVRPAQPK--SRRASIKKNPLKNTNVAY 319
                 57899999******************9987543.56...........89*****************999999999999988888888888...666666778888899999999999999999999999999999999999999999999999999999999999999999999999999999999999998789999999999999999999999999999999999999999788888888777643335556333356666777777779999998888888888**********************99988..999*********999875 PP

>> seq21  
   #    score  bias  c-Evalue  i-Evalue hmmfrom  hmm to    alifrom  ali to    envfrom  env to     acc
 ---   ------ ----- --------- --------- ------- -------    ------- -------    ------- -------    ----
   1 !   44.6   0.0   4.2e-14   4.4e-14      15     160 ..       2     255 .]       1     255 [] 0.86

  Alignments for each domain:
  == domain 1  score: 44.6 bits;  conditional E-value: 4.2e-14
  u7u0UHVz17  15 aadplmarsiksqkkdvnkiypghpsrfcr..................................vgdp.......adklrahdfpe..lkinlivkeygknsaegaglar..glaealr.rlplatevlygg............icangydtgylgklaea..erirlpalnvkkivsln.................scng........................................tisrrkkpagekataiealrra 160
                 aa+pl+a++i++qkk++n++++++p++f++                                  v++p        d+++a++ ++  +k+++++k+++k+++++++ ar  g+++a++ r+p     ++++            + a++ d         +  + i++pal++k+ v+++                 sc +                                        ++s+ k  ++eka+a+e+++++
       seq21   2 AAAPLVAKKIVEQKKVTNPLFEKRPRNFGIgqdiqprrdlsrfvkwpkyirlqrqkavllqrlkVPPPinqftqaLDRQTATQLFRlmDKYRPETKQQKKARLKARAEARsaGKEDAPTkRPPXXXXXVNTVttlieqkkaqlvVVAHDVD---------PleIVIHVPALCRKMGVPYCivkgkarlgrvvhrktaSCLAlttvypedkxxxxxxxxxxxxxxxxxxxxxxxxwgggvmgSKSQAKVAKLEKAKAKELAQKM 255
                 67899***********************9999********************************999999999988*******9988899*********************************9999888888886666666665555544.........35589**************999999999999999988444456666677777777777777777777777778888889889999999999999999998765 PP

>> seq13  
   #    score  bias  c-Evalue  i-Evalue hmmfrom  hmm to    alifrom  ali to    envfrom  env to     acc
 ---   ------ ----- --------- --------- ------- -------    ------- -------    ------- -------    ----
   1 !   43.1   0.2   1.2e-13   1.3e-13     101     196 ..      11     138 ..       2     141 .] 0.80

  Alignments for each domain:
  == domain 1  score: 43.1 bits;  conditional E-value: 1.2e-13
  u7u0UHVz17 101 icangydtgylgklaeaerirlpalnvkkivsln.....................scng..............tisrrkkpagekataiealrrarfkkhkrlklkkskk.gfkvkasskkgplkaagvayl 196
                 i  +g+++++l k++  +r +l+++n++ki++++                     +                 + +r++kp+ +ka++ +a+r++++k+ +++++kk++  ++k+ka+++k+p++aag++++
       seq13  11 IKSDGKSFTFLSKKS--KRLHLTKRNPRKICWTVlyrrkhkkgqveeitkkksrkT--QrfekavagatineiMAKRNQKPEVRKAQREQAIRAYKEKQXAKVSVKKPAPqPTKSKAKGGKAPKQAAGGKTT 138
                 999**********99..599************998888877776666655555550..055566666777766789***************************99887435899***********9998865 PP

>> seq19  
   #    score  bias  c-Evalue  i-Evalue hmmfrom  hmm to    alifrom  ali to    envfrom  env to     acc
 ---   ------ ----- --------- --------- ------- -------    ------- -------    ------- -------    ----
   1 !   42.6   0.2   1.7e-13   1.8e-13      23     164 ..       1     134 [.       1     135 [] 0.84

  Alignments for each domain:
  == domain 1  score: 42.6 bits;  conditional E-value: 1.7e-13
  u7u0UHVz17  23 siksqkkdvnkiypghpsrfcrvgdpadklrahdfpelkinlivkeygknsaegaglarglaealr.rlplatevlygg...icangydtgylgklaea....erirlpalnvkkivsln............scngtisrrkkpagekataiealrrarfkk 164
                 +i+ +++dv++++pg+p                    ++in++ +e++k++++++gl+rgl+ea +     +      +   i+an++d +++ kl+ea    ++i l +++ k  + ++              n+  s++++ ++++++ +e ++++++kk
       seq19   1 CILANNCDVPSPAPGGP--------------------MDINTALQEVLKTALIHNGLVRGLHEAAKaLDRRQ------AhlcILANNCDEPMYVKLVEAlcaeHTIKLLRDYGKESPAHDvvmqyskskgiaXANC--SNKQCSTYSPENKKEKYKHFYSKK 134
                 678899*******9987....................58999*****************9999865222222......0222***************99999999****999999998878888888888774444..8999999*************9985 PP

>> seq18  
   #    score  bias  c-Evalue  i-Evalue hmmfrom  hmm to    alifrom  ali to    envfrom  env to     acc
 ---   ------ ----- --------- --------- ------- -------    ------- -------    ------- -------    ----
   1 !   37.0   0.0   9.5e-12   9.9e-12      35     152 ..       8     132 ..       2     136 .] 0.83

  Alignments for each domain:
  == domain 1  score: 37.0 bits;  conditional E-value: 9.5e-12
  u7u0UHVz17  35 ypghpsrfcrvgdpadklrahdfpelkinlivkeygknsaegaglarglaealr..rlplatevlyggicangydtgylgklaea....erirlpalnvkkivsln................scng...tisrrkkpagekat 152
                 +p++p     v  p+         el+i+++vk ++kn++++ glargl+e+++     +a+++    ++a ++ ++++++l+ea    ++irl++ ++k+    +                +cn+   t++ +++pa+e++ 
       seq18   8 APVAP-----VAVPG---------ELTIPEAVKDVLKNALIHGGLARGLHECTKalDRRKAVMC----FLAKNCEVDQYTRLVEAlckeHKIRLMKVDDKAALGEWaglcrlardgkakkivNCNCvvvTDMGHSTPALEFVX 132
                 45554.....44453.........2799*********************999873223344443....99************9999999***********9888778899************9999***9********99876 PP

>> seq23  
   #    score  bias  c-Evalue  i-Evalue hmmfrom  hmm to    alifrom  ali to    envfrom  env to     acc
 ---   ------ ----- --------- --------- ------- -------    ------- -------    ------- -------    ----
   1 !   27.8   5.2   6.7e-09     7e-09      47     172 ..      33     183 ..       2     185 .] 0.81

  Alignments for each domain:
  == domain 1  score: 27.8 bits;  conditional E-value: 6.7e-09
  u7u0UHVz17  47 dp..adklrahdfpelkinlivkeygknsaegaglar.....................................glaealr.rlplatevlygg.icangydtgylgklaeaerirlpalnvkkivsln.........scngtisrrkkpagekataiealrrarfkkhkrlklkk 172
                 +p  +dk               k+ g+++++g+ ++r                                     ++ae+++ rl +a +vl+++ ic++ ++++y         +++ ++++k+i             +   +++r ++  + ++++i   rra++kkh++l+l++
       seq23  33 RPtrPDK--------------AKRLGYRAKQGYVIYRvxxxxxxxxxxxxxxxxxxxxxxxxxxxxxxxxxxtrSKAEERAgRLAGALRVLNSYwICQDSTYMYY--------EVIMVDPMHKAIXXXXrelrgqtaaG---RKNRGMRKGHGYNNVIGSSRRANWKKHNTLSLRR 183
                 3322222..............78999********************************************9999999**************9877****988664........88999999**9976657777763333...99999***********************998765 PP

>> seq24  
   #    score  bias  c-Evalue  i-Evalue hmmfrom  hmm to    alifrom  ali to    envfrom  env to     acc
 ---   ------ ----- --------- --------- ------- -------    ------- -------    ------- -------    ----
   1 !   26.1   0.0   2.2e-08   2.3e-08      60     194 ..      13     171 ..       2     174 .] 0.84

  Alignments for each domain:
  == domain 1  score: 26.1 bits;  conditional E-value: 2.2e-08
  u7u0UHVz17  60 lkinlivkeygknsaegaglarglaealr.rlplatevlygg.icangydtgylgklaea.....................erirlpalnvkkivslnscngtisrrkkpagekataiealrrarfkkhkrlklkkskk.......gfkvkasskkgplk.aagva 194
                 l + l +++ +++s+ gagl   +++al+ ++p++++ lyg   c+   ++ ++++++++                     + +++ +++v  iv+l      i+ +k pa+++ t++ +l  +++++++r++l++ ++       +f + + ++ g++  +a+v+
       seq24  13 LAFSLSERRLRMVSVLGAGL--LVGTALAvIIPEGVHALYGLsLCCGFIFMLLVDHISGGhshgpssglvvhaaadgialgAAVSTSKTDVELIVFL-----AIMLHKAPAAFGLTTFLLLEGMDRNRIRRHLLVFAAAapimaflTFXIAMLFSAGTFLyVATVH 171
                 46677889999********9..99****************9853333345778899987668899999999999999999989999********999.....89****************************9998866788888888888888888876466665 PP

>> seq9  
   #    score  bias  c-Evalue  i-Evalue hmmfrom  hmm to    alifrom  ali to    envfrom  env to     acc
 ---   ------ ----- --------- --------- ------- -------    ------- -------    ------- -------    ----
   1 !   21.1   0.0     8e-07   8.3e-07     140     176 ..       4      38 ..       1      44 [] 0.83

  Alignments for each domain:
  == domain 1  score: 21.1 bits;  conditional E-value: 8e-07
  u7u0UHVz17 140 isrrkkpagekataiealrrarfkkhkrlklkkskkg 176
                 +s r k++  ka+aiealrra+fk+++r+kl+ s+ g
        seq9   4 MSVRTKDS-NKAHAIEALRRAKFKFPGRQKLYVSH-G 38 
                 67777887.8*********************9985.3 PP

>> seq12  
   #    score  bias  c-Evalue  i-Evalue hmmfrom  hmm to    alifrom  ali to    envfrom  env to     acc
 ---   ------ ----- --------- --------- ------- -------    ------- -------    ------- -------    ----
   1 !   19.9   0.1   1.9e-06     2e-06      69     173 ..       4      90 ..       1      92 [] 0.76

  Alignments for each domain:
  == domain 1  score: 19.9 bits;  conditional E-value: 1.9e-06
  u7u0UHVz17  69 ygknsaegaglarglaealrrlplatevlyggicangydtgylgklaeaerirlpalnvkkivsln............scng...........tisrrkkpagekataiealrrarfkkhkrlklkks 173
                  gk++ae a ++r                   i                 ri+lp++nvk++   +                           +i  rk+p+ge+ ++++   r+++++hkrl+  +s
       seq12   4 SGKAPAEEATIHR-------------------I-----------------RITLPSRNVKSLEKVCadlikgakexxxX--VkgpvrmptkilRITTRKTPCGEGSKTWD---RYQMRIHKRLIDLHS 90 
                 5667777777777...................6.................99**********99877777766665551..05556666677688999**********99...78889999*998776 PP

>> seq20  
   #    score  bias  c-Evalue  i-Evalue hmmfrom  hmm to    alifrom  ali to    envfrom  env to     acc
 ---   ------ ----- --------- --------- ------- -------    ------- -------    ------- -------    ----
   1 !   18.8   0.0   4.3e-06   4.5e-06      67     190 ..       2     107 ..       1     109 [] 0.73

  Alignments for each domain:
  == domain 1  score: 18.8 bits;  conditional E-value: 4.3e-06
  u7u0UHVz17  67 keygknsaegaglarglaealr.rlplatevlygg...icangydtgylgklaeaerirlpalnvkkivslnscngtisrrkkpagekataiealrrarfkkhkrlklkkskk........gfkvkasskkgplka 190
                 + ++k s++++ l+r   ++   +lp+a++ l+++                         p++++kk         t++  +  +++ +++ie +r++rfk h+++++ + k+        g++v++ss+k+++k+
       seq20   2 WKGLKISVKVTILNR---QCSVeVLPSASSLLIQAlxxX------------------XKEPPRDRKK---------TKNILHNGNLTLEDVIEVARKMRFKSHAKTFAGTVKEilgtclsiGCTVNGSSPKEIQKE 107
                 556778888888888...888888888888886653210..................2224444444.........3333333467899*********************99899999*99999****99999875 PP

>> seq7  
   #    score  bias  c-Evalue  i-Evalue hmmfrom  hmm to    alifrom  ali to    envfrom  env to     acc
 ---   ------ ----- --------- --------- ------- -------    ------- -------    ------- -------    ----
   1 !   18.8   0.0   4.1e-06   4.3e-06      49     105 ..      12      48 .]       1      48 [] 0.83

  Alignments for each domain:
  == domain 1  score: 18.8 bits;  conditional E-value: 4.1e-06
  u7u0UHVz17  49 adklrahdfpelkinlivkeygknsaegaglarglaealrrlplatevlyggicang 105
                  +k+++++fp+ ++nl+++ey++ sae+ ++ar                   ican+
        seq7  12 KKKTGVDEFPK-CVNLVSDEYEQLSAEALEAAR-------------------ICANK 48 
                 468999****9.*********************...................99986 PP



Internal pipeline statistics summary:
-------------------------------------
Query model(s):                            1  (199 nodes)
Target sequences:                         24  (4193 residues searched)
Passed MSV filter:                        24  (1); expected 0.5 (0.02)
Passed bias filter:                       24  (1); expected 0.5 (0.02)
Passed Vit filter:                        23  (0.958333); expected 0.0 (0.001)
Passed Fwd filter:                        23  (0.958333); expected 0.0 (1e-05)
Initial search space (Z):                 24  [actual number of targets]
Domain search space  (domZ):              23  [number of targets reported over threshold]
# CPU time: 0.02u 0.00s 00:00:00.02 Elapsed: 00:00:00.02
# Mc/sec: 32.75
//
[ok]
