Ik wil de macropreprocessor testen: jawel dit is optarg en dit is mandarg with-nesting en ten slotte 2ndmandarg! overflow en nog wat trailing dit is default value en dit is 2ndtest en ten slotte anothermandarg! nog een overflow en wat trailing.
