 de absoluute waarde van "z" "1" , gedeeld door "z" "2" ,, ,is gelijk aan, "r" "1" , gedeeld door "r" "2" en arg "z" "1" , gedeeld door "z" "2" ,, ,is gelijk aan, theita "1" (min) theita "2" op een veelvoud van 2 maal pi na
