 "T" ,equals, the summation for "k" , of: "T" "k" times δ "k", over δ
