This is a simple i18n test: preceding 2 to the power of 7 trailing
