To solve a quadratic equation "a" times "x" to the power of "2", plus "b" times "x" plus "c" ,equals, 0 , you need to complete the square.
