 "z" ,equals, "x" plus "y" times ,j, is associated with "x" , "y"
