 the base 5 logarithm of 25 , ,, ,equals, 2 , the logarithm of 2.4 , ,, ,equals, the natural logarithm of 2.5 , , over the natural logarithm of 10 , , "a" times the base "b" logarithm of "c" , ,, ,equals, the base "b" logarithm of "c" to the power of "a", 
