 "x" plus "y" to the power of "n", ,equals, the summation from "i" ,equals, 0 to "n", of: a matrix with elements "n" , and, "i" , times "x" to the power of "n" minus "i" , times "y" to the power of "i"
