$aux = {
  'bibcite' => {
    'ADOBEREADER' => '8',
    'BALABOLKA' => '2',
    'CPAN' => '4',
    'CTAN' => '3',
    'EVINCE' => '6',
    'FESTIVAL' => '1',
    'OKULAR' => '7',
    'XPDF' => '5'
  },
  'newlabel' => {
    'eqn:refray' => [
      '17',
      '17',
      'A parabola tale',
      'equation.6.17',
      ''
    ],
    'fig:blockdiagram' => [
      '2',
      '17',
      'A block diagram of the filter system',
      'figure.2',
      ''
    ],
    'fig:setup' => [
      '1',
      '6',
      'Basic tool setup of \\reader {}; filled boxes indicate files, outlined boxes indicate tools; solid lines indicates use or creation of files, dotted lines indicate references, dashed lines indicate a control relationship',
      'figure.1',
      ''
    ]
  }
};

