$VAR1 = bless( {
                 'operands' => [
                                 bless( {
                                          'name' => [
                                                      '_exmpl_some_string_property'
                                                    ]
                                        }, 'OPTIMADE::Filter::Property' ),
                                 '42'
                               ],
                 'operator' => '='
               }, 'OPTIMADE::Filter::Comparison' );
== Filter ==
(_exmpl_some_string_property = "42")
== SQL ==
'_exmpl_some_string_property' = "42"
