t/02parse.t: syntax error at line 0, position 52: ''.
